[0.181s] colcon DEBUG Command line arguments: ['/usr/bin/colcon', 'list', '-p', '--base-paths', '/home/laplace/exchange/tiago_pro_16_ws/src/elastoplastic_phri_controller', '--log-base', '/dev/null']
[0.181s] colcon DEBUG Parsed command line arguments: Namespace(log_base=None, log_level=None, verb_name='list', build_base='build', ignore_user_meta=False, metas=['./colcon.meta'], base_paths=['/home/laplace/exchange/tiago_pro_16_ws/src/elastoplastic_phri_controller', '--log-base', '/dev/null'], packages_ignore=None, packages_ignore_regex=None, paths=None, packages_up_to=None, packages_up_to_regex=None, packages_above=None, packages_above_and_dependencies=None, packages_above_depth=None, packages_select_by_dep=None, packages_skip_by_dep=None, packages_skip_up_to=None, packages_select_build_failed=False, packages_skip_build_finished=False, packages_select_test_failures=False, packages_skip_test_passed=False, packages_select=None, packages_skip=None, packages_select_regex=None, packages_skip_regex=None, packages_start=None, packages_end=None, allow_overriding=[], topological_order=False, names_only=False, paths_only=True, topological_graph=False, topological_graph_dot=False, topological_graph_density=False, topological_graph_legend=False, topological_graph_dot_cluster=False, topological_graph_dot_include_skipped=False, mixin_files=None, mixin=None, verb_parser=<colcon_mixin.mixin.mixin_argument.MixinArgumentDecorator object at 0x7e2b741c38b0>, verb_extension=<colcon_package_information.verb.list.ListVerb object at 0x7e2b74391600>, main=<bound method ListVerb.main of <colcon_package_information.verb.list.ListVerb object at 0x7e2b74391600>>, mixin_verb=('list',))
[0.502s] colcon.colcon_core.package_discovery Level 1 discover_packages(colcon_meta) check parameters
[0.502s] colcon.colcon_core.package_discovery Level 1 discover_packages(recursive) check parameters
[0.502s] colcon.colcon_core.package_discovery Level 1 discover_packages(ignore) check parameters
[0.502s] colcon.colcon_core.package_discovery Level 1 discover_packages(path) check parameters
[0.502s] colcon.colcon_core.package_discovery Level 1 discover_packages(recursive) discover
[0.503s] colcon.colcon_core.package_discovery INFO Crawling recursively for packages in '/home/laplace/exchange/tiago_pro_16_ws/src/elastoplastic_phri_controller', '/home/laplace/exchange/tiago_pro_16_ws/src/elastoplastic_phri_controller/--log-base', '/dev/null'
[0.503s] colcon.colcon_core.package_identification Level 1 _identify(/home/laplace/exchange/tiago_pro_16_ws/src/elastoplastic_phri_controller) by extensions ['ignore', 'ignore_ament_install']
[0.503s] colcon.colcon_core.package_identification Level 1 _identify(/home/laplace/exchange/tiago_pro_16_ws/src/elastoplastic_phri_controller) by extension 'ignore'
[0.503s] colcon.colcon_core.package_identification Level 1 _identify(/home/laplace/exchange/tiago_pro_16_ws/src/elastoplastic_phri_controller) by extension 'ignore_ament_install'
[0.503s] colcon.colcon_core.package_identification Level 1 _identify(/home/laplace/exchange/tiago_pro_16_ws/src/elastoplastic_phri_controller) by extensions ['colcon_pkg']
[0.503s] colcon.colcon_core.package_identification Level 1 _identify(/home/laplace/exchange/tiago_pro_16_ws/src/elastoplastic_phri_controller) by extension 'colcon_pkg'
[0.503s] colcon.colcon_core.package_identification Level 1 _identify(/home/laplace/exchange/tiago_pro_16_ws/src/elastoplastic_phri_controller) by extensions ['colcon_meta']
[0.503s] colcon.colcon_core.package_identification Level 1 _identify(/home/laplace/exchange/tiago_pro_16_ws/src/elastoplastic_phri_controller) by extension 'colcon_meta'
[0.503s] colcon.colcon_core.package_identification Level 1 _identify(/home/laplace/exchange/tiago_pro_16_ws/src/elastoplastic_phri_controller) by extensions ['ros']
[0.503s] colcon.colcon_core.package_identification Level 1 _identify(/home/laplace/exchange/tiago_pro_16_ws/src/elastoplastic_phri_controller) by extension 'ros'
[0.515s] colcon.colcon_core.package_identification Level 1 _identify(/home/laplace/exchange/tiago_pro_16_ws/src/elastoplastic_phri_controller) by extensions ['cmake', 'python']
[0.515s] colcon.colcon_core.package_identification Level 1 _identify(/home/laplace/exchange/tiago_pro_16_ws/src/elastoplastic_phri_controller) by extension 'cmake'
[0.515s] colcon.colcon_core.package_identification Level 1 _identify(/home/laplace/exchange/tiago_pro_16_ws/src/elastoplastic_phri_controller) by extension 'python'
[0.515s] colcon.colcon_core.package_identification Level 1 _identify(/home/laplace/exchange/tiago_pro_16_ws/src/elastoplastic_phri_controller) by extensions ['python_setup_py']
[0.515s] colcon.colcon_core.package_identification Level 1 _identify(/home/laplace/exchange/tiago_pro_16_ws/src/elastoplastic_phri_controller) by extension 'python_setup_py'
[0.516s] colcon.colcon_core.package_identification Level 1 _identify(/home/laplace/exchange/tiago_pro_16_ws/src/elastoplastic_phri_controller/elastoplastic_lugre_controller) by extensions ['ignore', 'ignore_ament_install']
[0.516s] colcon.colcon_core.package_identification Level 1 _identify(/home/laplace/exchange/tiago_pro_16_ws/src/elastoplastic_phri_controller/elastoplastic_lugre_controller) by extension 'ignore'
[0.516s] colcon.colcon_core.package_identification Level 1 _identify(/home/laplace/exchange/tiago_pro_16_ws/src/elastoplastic_phri_controller/elastoplastic_lugre_controller) by extension 'ignore_ament_install'
[0.516s] colcon.colcon_core.package_identification Level 1 _identify(/home/laplace/exchange/tiago_pro_16_ws/src/elastoplastic_phri_controller/elastoplastic_lugre_controller) by extensions ['colcon_pkg']
[0.516s] colcon.colcon_core.package_identification Level 1 _identify(/home/laplace/exchange/tiago_pro_16_ws/src/elastoplastic_phri_controller/elastoplastic_lugre_controller) by extension 'colcon_pkg'
[0.516s] colcon.colcon_core.package_identification Level 1 _identify(/home/laplace/exchange/tiago_pro_16_ws/src/elastoplastic_phri_controller/elastoplastic_lugre_controller) by extensions ['colcon_meta']
[0.516s] colcon.colcon_core.package_identification Level 1 _identify(/home/laplace/exchange/tiago_pro_16_ws/src/elastoplastic_phri_controller/elastoplastic_lugre_controller) by extension 'colcon_meta'
[0.516s] colcon.colcon_core.package_identification Level 1 _identify(/home/laplace/exchange/tiago_pro_16_ws/src/elastoplastic_phri_controller/elastoplastic_lugre_controller) by extensions ['ros']
[0.516s] colcon.colcon_core.package_identification Level 1 _identify(/home/laplace/exchange/tiago_pro_16_ws/src/elastoplastic_phri_controller/elastoplastic_lugre_controller) by extension 'ros'
[0.521s] colcon.colcon_core.package_identification DEBUG Package '/home/laplace/exchange/tiago_pro_16_ws/src/elastoplastic_phri_controller/elastoplastic_lugre_controller' with type 'ros.ament_cmake' and name 'elastoplastic_lugre_controller'
[0.521s] colcon.colcon_core.package_identification Level 1 _identify(/home/laplace/exchange/tiago_pro_16_ws/src/elastoplastic_phri_controller/elastoplastic_msgs) by extensions ['ignore', 'ignore_ament_install']
[0.521s] colcon.colcon_core.package_identification Level 1 _identify(/home/laplace/exchange/tiago_pro_16_ws/src/elastoplastic_phri_controller/elastoplastic_msgs) by extension 'ignore'
[0.521s] colcon.colcon_core.package_identification Level 1 _identify(/home/laplace/exchange/tiago_pro_16_ws/src/elastoplastic_phri_controller/elastoplastic_msgs) by extension 'ignore_ament_install'
[0.521s] colcon.colcon_core.package_identification Level 1 _identify(/home/laplace/exchange/tiago_pro_16_ws/src/elastoplastic_phri_controller/elastoplastic_msgs) by extensions ['colcon_pkg']
[0.521s] colcon.colcon_core.package_identification Level 1 _identify(/home/laplace/exchange/tiago_pro_16_ws/src/elastoplastic_phri_controller/elastoplastic_msgs) by extension 'colcon_pkg'
[0.521s] colcon.colcon_core.package_identification Level 1 _identify(/home/laplace/exchange/tiago_pro_16_ws/src/elastoplastic_phri_controller/elastoplastic_msgs) by extensions ['colcon_meta']
[0.521s] colcon.colcon_core.package_identification Level 1 _identify(/home/laplace/exchange/tiago_pro_16_ws/src/elastoplastic_phri_controller/elastoplastic_msgs) by extension 'colcon_meta'
[0.521s] colcon.colcon_core.package_identification Level 1 _identify(/home/laplace/exchange/tiago_pro_16_ws/src/elastoplastic_phri_controller/elastoplastic_msgs) by extensions ['ros']
[0.521s] colcon.colcon_core.package_identification Level 1 _identify(/home/laplace/exchange/tiago_pro_16_ws/src/elastoplastic_phri_controller/elastoplastic_msgs) by extension 'ros'
[0.522s] colcon.colcon_core.package_identification DEBUG Package '/home/laplace/exchange/tiago_pro_16_ws/src/elastoplastic_phri_controller/elastoplastic_msgs' with type 'ros.ament_cmake' and name 'elastoplastic_msgs'
[0.522s] colcon.colcon_core.package_identification Level 1 _identify(/home/laplace/exchange/tiago_pro_16_ws/src/elastoplastic_phri_controller/log) by extensions ['ignore', 'ignore_ament_install']
[0.522s] colcon.colcon_core.package_identification Level 1 _identify(/home/laplace/exchange/tiago_pro_16_ws/src/elastoplastic_phri_controller/log) by extension 'ignore'
[0.522s] colcon.colcon_core.package_identification Level 1 _identify(/home/laplace/exchange/tiago_pro_16_ws/src/elastoplastic_phri_controller/log) ignored
[0.523s] colcon.colcon_core.package_discovery Level 1 discover_packages(recursive) using defaults
